{
  "locals": {
    "singleConstDeclaration": [
      {
        "kind": "Const",
        "pos": 5
      }
    ]
  },
  "statements": [
    {
      "kind": "Const",
      "name": {
        "kind": "Identifier",
        "text": "singleConstDeclaration"
      },
      "init": {
        "kind": "Literal",
        "value": 1
      }
    }
  ]
}